Archive member included because of file (symbol)

c:/winavr-20100110/bin/../lib/gcc/avr/4.3.3/avr5\libgcc.a(_divmodhi4.o)
                              ./MCAL/PWM/PWM.o (__divmodhi4)
c:/winavr-20100110/bin/../lib/gcc/avr/4.3.3/avr5\libgcc.a(_exit.o)
                              c:/winavr-20100110/bin/../lib/gcc/avr/4.3.3/../../../../avr/lib/avr5/crtm32.o (exit)
c:/winavr-20100110/bin/../lib/gcc/avr/4.3.3/avr5\libgcc.a(_copy_data.o)
                              ./MCAL/PWM/PWM_Cfg.o (__do_copy_data)
c:/winavr-20100110/bin/../lib/gcc/avr/4.3.3/avr5\libgcc.a(_clear_bss.o)
                              ./ECUAL/DC_MOTOR/DC_MOTOR.o (__do_clear_bss)
c:/winavr-20100110/bin/../lib/gcc/avr/4.3.3/avr5\libgcc.a(_udivmodhi4.o)
                              c:/winavr-20100110/bin/../lib/gcc/avr/4.3.3/avr5\libgcc.a(_divmodhi4.o) (__udivmodhi4)

Allocating common symbols
Common symbol       size              file

genuMotorDirection  0x1               ./APP/Car_control_system/CAR.o

Memory Configuration

Name             Origin             Length             Attributes
text             0x00000000         0x00020000         xr
data             0x00800060         0x0000ffa0         rw !x
eeprom           0x00810000         0x00010000         rw !x
fuse             0x00820000         0x00000400         rw !x
lock             0x00830000         0x00000400         rw !x
signature        0x00840000         0x00000400         rw !x
*default*        0x00000000         0xffffffff

Linker script and memory map

LOAD c:/winavr-20100110/bin/../lib/gcc/avr/4.3.3/../../../../avr/lib/avr5/crtm32.o
LOAD ./MCAL/TIMER/TM_Cfg.o
LOAD ./MCAL/TIMER/TM_prog.o
LOAD ./MCAL/PWM/PWM.o
LOAD ./MCAL/PWM/PWM_Cfg.o
LOAD ./MCAL/DIO/DIO_cfg.o
LOAD ./MCAL/DIO/DIO_prog.o
LOAD ./ECUAL/LED/LED.o
LOAD ./ECUAL/DC_MOTOR/DC_MOTOR.o
LOAD ./ECUAL/BTN/BTN.o
LOAD ./APP/Car_control_system/CAR.o
LOAD ./APP/main.o
LOAD c:/winavr-20100110/bin/../lib/gcc/avr/4.3.3/avr5\libgcc.a
LOAD c:/winavr-20100110/bin/../lib/gcc/avr/4.3.3/../../../../avr/lib/avr5\libc.a
LOAD c:/winavr-20100110/bin/../lib/gcc/avr/4.3.3/avr5\libgcc.a

.hash
 *(.hash)

.dynsym
 *(.dynsym)

.dynstr
 *(.dynstr)

.gnu.version
 *(.gnu.version)

.gnu.version_d
 *(.gnu.version_d)

.gnu.version_r
 *(.gnu.version_r)

.rel.init
 *(.rel.init)

.rela.init
 *(.rela.init)

.rel.text
 *(.rel.text)
 *(.rel.text.*)
 *(.rel.gnu.linkonce.t*)

.rela.text
 *(.rela.text)
 *(.rela.text.*)
 *(.rela.gnu.linkonce.t*)

.rel.fini
 *(.rel.fini)

.rela.fini
 *(.rela.fini)

.rel.rodata
 *(.rel.rodata)
 *(.rel.rodata.*)
 *(.rel.gnu.linkonce.r*)

.rela.rodata
 *(.rela.rodata)
 *(.rela.rodata.*)
 *(.rela.gnu.linkonce.r*)

.rel.data
 *(.rel.data)
 *(.rel.data.*)
 *(.rel.gnu.linkonce.d*)

.rela.data
 *(.rela.data)
 *(.rela.data.*)
 *(.rela.gnu.linkonce.d*)

.rel.ctors
 *(.rel.ctors)

.rela.ctors
 *(.rela.ctors)

.rel.dtors
 *(.rel.dtors)

.rela.dtors
 *(.rela.dtors)

.rel.got
 *(.rel.got)

.rela.got
 *(.rela.got)

.rel.bss
 *(.rel.bss)

.rela.bss
 *(.rela.bss)

.rel.plt
 *(.rel.plt)

.rela.plt
 *(.rela.plt)

.text           0x00000000     0x1af2
 *(.vectors)
 .vectors       0x00000000       0x54 c:/winavr-20100110/bin/../lib/gcc/avr/4.3.3/../../../../avr/lib/avr5/crtm32.o
                0x00000000                __vectors
                0x00000000                __vector_default
 *(.vectors)
 *(.progmem.gcc*)
 *(.progmem*)
                0x00000054                . = ALIGN (0x2)
                0x00000054                __trampolines_start = .
 *(.trampolines)
 .trampolines   0x00000054        0x0 linker stubs
 *(.trampolines*)
                0x00000054                __trampolines_end = .
 *(.jumptables)
 *(.jumptables*)
 *(.lowtext)
 *(.lowtext*)
                0x00000054                __ctors_start = .
 *(.ctors)
                0x00000054                __ctors_end = .
                0x00000054                __dtors_start = .
 *(.dtors)
                0x00000054                __dtors_end = .
 SORT(*)(.ctors)
 SORT(*)(.dtors)
 *(.init0)
 .init0         0x00000054        0x0 c:/winavr-20100110/bin/../lib/gcc/avr/4.3.3/../../../../avr/lib/avr5/crtm32.o
                0x00000054                __init
 *(.init0)
 *(.init1)
 *(.init1)
 *(.init2)
 .init2         0x00000054        0xc c:/winavr-20100110/bin/../lib/gcc/avr/4.3.3/../../../../avr/lib/avr5/crtm32.o
 *(.init2)
 *(.init3)
 *(.init3)
 *(.init4)
 .init4         0x00000060       0x16 c:/winavr-20100110/bin/../lib/gcc/avr/4.3.3/avr5\libgcc.a(_copy_data.o)
                0x00000060                __do_copy_data
 .init4         0x00000076       0x10 c:/winavr-20100110/bin/../lib/gcc/avr/4.3.3/avr5\libgcc.a(_clear_bss.o)
                0x00000076                __do_clear_bss
 *(.init4)
 *(.init5)
 *(.init5)
 *(.init6)
 *(.init6)
 *(.init7)
 *(.init7)
 *(.init8)
 *(.init8)
 *(.init9)
 .init9         0x00000086        0x8 c:/winavr-20100110/bin/../lib/gcc/avr/4.3.3/../../../../avr/lib/avr5/crtm32.o
 *(.init9)
 *(.text)
 .text          0x0000008e        0x4 c:/winavr-20100110/bin/../lib/gcc/avr/4.3.3/../../../../avr/lib/avr5/crtm32.o
                0x0000008e                __vector_1
                0x0000008e                __vector_12
                0x0000008e                __bad_interrupt
                0x0000008e                __vector_6
                0x0000008e                __vector_3
                0x0000008e                __vector_11
                0x0000008e                __vector_13
                0x0000008e                __vector_17
                0x0000008e                __vector_19
                0x0000008e                __vector_7
                0x0000008e                __vector_5
                0x0000008e                __vector_4
                0x0000008e                __vector_9
                0x0000008e                __vector_2
                0x0000008e                __vector_15
                0x0000008e                __vector_8
                0x0000008e                __vector_14
                0x0000008e                __vector_10
                0x0000008e                __vector_16
                0x0000008e                __vector_18
                0x0000008e                __vector_20
 .text          0x00000092        0x0 ./MCAL/TIMER/TM_Cfg.o
 .text          0x00000092        0x0 ./MCAL/TIMER/TM_prog.o
 .text          0x00000092        0x0 ./MCAL/PWM/PWM.o
 .text          0x00000092        0x0 ./MCAL/PWM/PWM_Cfg.o
 .text          0x00000092        0x0 ./MCAL/DIO/DIO_cfg.o
 .text          0x00000092        0x0 ./MCAL/DIO/DIO_prog.o
 .text          0x00000092        0x0 ./ECUAL/LED/LED.o
 .text          0x00000092        0x0 ./ECUAL/DC_MOTOR/DC_MOTOR.o
 .text          0x00000092        0x0 ./ECUAL/BTN/BTN.o
 .text          0x00000092        0x0 ./APP/Car_control_system/CAR.o
 .text          0x00000092        0x0 ./APP/main.o
 .text          0x00000092        0x0 c:/winavr-20100110/bin/../lib/gcc/avr/4.3.3/avr5\libgcc.a(_divmodhi4.o)
 .text          0x00000092        0x0 c:/winavr-20100110/bin/../lib/gcc/avr/4.3.3/avr5\libgcc.a(_exit.o)
 .text          0x00000092        0x0 c:/winavr-20100110/bin/../lib/gcc/avr/4.3.3/avr5\libgcc.a(_copy_data.o)
 .text          0x00000092        0x0 c:/winavr-20100110/bin/../lib/gcc/avr/4.3.3/avr5\libgcc.a(_clear_bss.o)
 .text          0x00000092        0x0 c:/winavr-20100110/bin/../lib/gcc/avr/4.3.3/avr5\libgcc.a(_udivmodhi4.o)
                0x00000092                . = ALIGN (0x2)
 *(.text.*)
 .text.PWM_Init
                0x00000092       0xae ./MCAL/PWM/PWM.o
                0x00000092                PWM_Init
 .text.setPrescaler
                0x00000140      0x1e6 ./MCAL/PWM/PWM.o
 .text.PWM_Start
                0x00000326       0x94 ./MCAL/PWM/PWM.o
                0x00000326                PWM_Start
 .text.PWM_Stop
                0x000003ba       0x2c ./MCAL/PWM/PWM.o
                0x000003ba                PWM_Stop
 .text.DIO_Init
                0x000003e6      0x824 ./MCAL/DIO/DIO_prog.o
                0x000003e6                DIO_Init
 .text.DIO_Write
                0x00000c0a      0x3d0 ./MCAL/DIO/DIO_prog.o
                0x00000c0a                DIO_Write
 .text.DIO_Read
                0x00000fda      0x1fe ./MCAL/DIO/DIO_prog.o
                0x00000fda                DIO_Read
 .text.DIO_toggle
                0x000011d8      0x1e2 ./MCAL/DIO/DIO_prog.o
                0x000011d8                DIO_toggle
 .text.LED_Init
                0x000013ba       0x12 ./ECUAL/LED/LED.o
                0x000013ba                LED_Init
 .text.LED_ON   0x000013cc       0x1e ./ECUAL/LED/LED.o
                0x000013cc                LED_ON
 .text.LED_OFF  0x000013ea       0x1e ./ECUAL/LED/LED.o
                0x000013ea                LED_OFF
 .text.LED_toggle
                0x00001408       0x1c ./ECUAL/LED/LED.o
                0x00001408                LED_toggle
 .text.DCMotor_Init
                0x00001424       0x12 ./ECUAL/DC_MOTOR/DC_MOTOR.o
                0x00001424                DCMotor_Init
 .text.DCMotor_setDirection
                0x00001436       0x9c ./ECUAL/DC_MOTOR/DC_MOTOR.o
                0x00001436                DCMotor_setDirection
 .text.DCMotor_setSpeed
                0x000014d2       0x30 ./ECUAL/DC_MOTOR/DC_MOTOR.o
                0x000014d2                DCMotor_setSpeed
 .text.DCMotor_stop
                0x00001502       0x44 ./ECUAL/DC_MOTOR/DC_MOTOR.o
                0x00001502                DCMotor_stop
 .text.DCMotor_start
                0x00001546       0x16 ./ECUAL/DC_MOTOR/DC_MOTOR.o
                0x00001546                DCMotor_start
 .text.BTN_Init
                0x0000155c       0x12 ./ECUAL/BTN/BTN.o
                0x0000155c                BTN_Init
 .text.BTN_getState
                0x0000156e      0x390 ./ECUAL/BTN/BTN.o
                0x0000156e                BTN_getState
 .text.App_Init
                0x000018fe       0x1a ./APP/Car_control_system/CAR.o
                0x000018fe                App_Init
 .text.App_Update
                0x00001918      0x176 ./APP/Car_control_system/CAR.o
                0x00001918                App_Update
 .text.main     0x00001a8e       0x12 ./APP/main.o
                0x00001a8e                main
 .text.libgcc   0x00001aa0       0x26 c:/winavr-20100110/bin/../lib/gcc/avr/4.3.3/avr5\libgcc.a(_divmodhi4.o)
                0x00001aa0                __divmodhi4
                0x00001aa0                _div
 .text.libgcc   0x00001ac6        0x0 c:/winavr-20100110/bin/../lib/gcc/avr/4.3.3/avr5\libgcc.a(_exit.o)
 .text.libgcc   0x00001ac6        0x0 c:/winavr-20100110/bin/../lib/gcc/avr/4.3.3/avr5\libgcc.a(_copy_data.o)
 .text.libgcc   0x00001ac6        0x0 c:/winavr-20100110/bin/../lib/gcc/avr/4.3.3/avr5\libgcc.a(_clear_bss.o)
 .text.libgcc   0x00001ac6       0x28 c:/winavr-20100110/bin/../lib/gcc/avr/4.3.3/avr5\libgcc.a(_udivmodhi4.o)
                0x00001ac6                __udivmodhi4
                0x00001aee                . = ALIGN (0x2)
 *(.fini9)
 .fini9         0x00001aee        0x0 c:/winavr-20100110/bin/../lib/gcc/avr/4.3.3/avr5\libgcc.a(_exit.o)
                0x00001aee                exit
                0x00001aee                _exit
 *(.fini9)
 *(.fini8)
 *(.fini8)
 *(.fini7)
 *(.fini7)
 *(.fini6)
 *(.fini6)
 *(.fini5)
 *(.fini5)
 *(.fini4)
 *(.fini4)
 *(.fini3)
 *(.fini3)
 *(.fini2)
 *(.fini2)
 *(.fini1)
 *(.fini1)
 *(.fini0)
 .fini0         0x00001aee        0x4 c:/winavr-20100110/bin/../lib/gcc/avr/4.3.3/avr5\libgcc.a(_exit.o)
 *(.fini0)
                0x00001af2                _etext = .

.data           0x00800060       0x34 load address 0x00001af2
                0x00800060                PROVIDE (__data_start, .)
 *(.data)
 .data          0x00800060        0x0 c:/winavr-20100110/bin/../lib/gcc/avr/4.3.3/../../../../avr/lib/avr5/crtm32.o
 .data          0x00800060        0x0 ./MCAL/TIMER/TM_Cfg.o
 .data          0x00800060        0x0 ./MCAL/TIMER/TM_prog.o
 .data          0x00800060        0x0 ./MCAL/PWM/PWM.o
 .data          0x00800060        0x0 ./MCAL/PWM/PWM_Cfg.o
 .data          0x00800060        0x0 ./MCAL/DIO/DIO_cfg.o
 .data          0x00800060        0x0 ./MCAL/DIO/DIO_prog.o
 .data          0x00800060        0x0 ./ECUAL/LED/LED.o
 .data          0x00800060        0x0 ./ECUAL/DC_MOTOR/DC_MOTOR.o
 .data          0x00800060        0x0 ./ECUAL/BTN/BTN.o
 .data          0x00800060        0x0 ./APP/Car_control_system/CAR.o
 .data          0x00800060        0x0 ./APP/main.o
 .data          0x00800060        0x0 c:/winavr-20100110/bin/../lib/gcc/avr/4.3.3/avr5\libgcc.a(_divmodhi4.o)
 .data          0x00800060        0x0 c:/winavr-20100110/bin/../lib/gcc/avr/4.3.3/avr5\libgcc.a(_exit.o)
 .data          0x00800060        0x0 c:/winavr-20100110/bin/../lib/gcc/avr/4.3.3/avr5\libgcc.a(_copy_data.o)
 .data          0x00800060        0x0 c:/winavr-20100110/bin/../lib/gcc/avr/4.3.3/avr5\libgcc.a(_clear_bss.o)
 .data          0x00800060        0x0 c:/winavr-20100110/bin/../lib/gcc/avr/4.3.3/avr5\libgcc.a(_udivmodhi4.o)
 *(.data*)
 .data.enuCarSpeed.1337
                0x00800060        0x1 ./APP/Car_control_system/CAR.o
 *(.rodata)
 *(.rodata*)
 .rodata.strpwmConfig
                0x00800061        0x5 ./MCAL/PWM/PWM_Cfg.o
                0x00800061                strpwmConfig
 .rodata.astrDIOConfigParameters
                0x00800066       0x2d ./MCAL/DIO/DIO_cfg.o
                0x00800066                astrDIOConfigParameters
 *(.gnu.linkonce.d*)
                0x00800094                . = ALIGN (0x2)
 *fill*         0x00800093        0x1 00
                0x00800094                _edata = .
                0x00800094                PROVIDE (__data_end, .)

.bss            0x00800094        0x4
                0x00800094                PROVIDE (__bss_start, .)
 *(.bss)
 .bss           0x00800094        0x0 c:/winavr-20100110/bin/../lib/gcc/avr/4.3.3/../../../../avr/lib/avr5/crtm32.o
 .bss           0x00800094        0x0 ./MCAL/TIMER/TM_Cfg.o
 .bss           0x00800094        0x0 ./MCAL/TIMER/TM_prog.o
 .bss           0x00800094        0x0 ./MCAL/PWM/PWM.o
 .bss           0x00800094        0x0 ./MCAL/PWM/PWM_Cfg.o
 .bss           0x00800094        0x0 ./MCAL/DIO/DIO_cfg.o
 .bss           0x00800094        0x0 ./MCAL/DIO/DIO_prog.o
 .bss           0x00800094        0x0 ./ECUAL/LED/LED.o
 .bss           0x00800094        0x0 ./ECUAL/DC_MOTOR/DC_MOTOR.o
 .bss           0x00800094        0x0 ./ECUAL/BTN/BTN.o
 .bss           0x00800094        0x0 ./APP/Car_control_system/CAR.o
 .bss           0x00800094        0x0 ./APP/main.o
 .bss           0x00800094        0x0 c:/winavr-20100110/bin/../lib/gcc/avr/4.3.3/avr5\libgcc.a(_divmodhi4.o)
 .bss           0x00800094        0x0 c:/winavr-20100110/bin/../lib/gcc/avr/4.3.3/avr5\libgcc.a(_exit.o)
 .bss           0x00800094        0x0 c:/winavr-20100110/bin/../lib/gcc/avr/4.3.3/avr5\libgcc.a(_copy_data.o)
 .bss           0x00800094        0x0 c:/winavr-20100110/bin/../lib/gcc/avr/4.3.3/avr5\libgcc.a(_clear_bss.o)
 .bss           0x00800094        0x0 c:/winavr-20100110/bin/../lib/gcc/avr/4.3.3/avr5\libgcc.a(_udivmodhi4.o)
 *(.bss*)
 .bss.genuMotorDirection
                0x00800094        0x1 ./ECUAL/DC_MOTOR/DC_MOTOR.o
 .bss.u8_HeldFlag.1267
                0x00800095        0x1 ./ECUAL/BTN/BTN.o
 .bss.u8DutyCycle.1338
                0x00800096        0x1 ./APP/Car_control_system/CAR.o
 *(COMMON)
 COMMON         0x00800097        0x1 ./APP/Car_control_system/CAR.o
                0x00800097                genuMotorDirection
                0x00800098                PROVIDE (__bss_end, .)
                0x00001af2                __data_load_start = LOADADDR (.data)
                0x00001b26                __data_load_end = (__data_load_start + SIZEOF (.data))

.noinit         0x00800098        0x0
                0x00800098                PROVIDE (__noinit_start, .)
 *(.noinit*)
                0x00800098                PROVIDE (__noinit_end, .)
                0x00800098                _end = .
                0x00800098                PROVIDE (__heap_start, .)

.eeprom         0x00810000        0x0
 *(.eeprom*)
                0x00810000                __eeprom_end = .

.fuse
 *(.fuse)
 *(.lfuse)
 *(.hfuse)
 *(.efuse)

.lock
 *(.lock*)

.signature
 *(.signature*)

.stab           0x00000000     0x20e8
 *(.stab)
 .stab          0x00000000       0xe4 ./MCAL/TIMER/TM_Cfg.o
 .stab          0x000000e4       0xd8 ./MCAL/TIMER/TM_prog.o
                                 0xe4 (size before relaxing)
 .stab          0x000001bc      0x4c8 ./MCAL/PWM/PWM.o
                                0x4d4 (size before relaxing)
 .stab          0x00000684       0xfc ./MCAL/PWM/PWM_Cfg.o
                                0x210 (size before relaxing)
 .stab          0x00000780      0x1d4 ./MCAL/DIO/DIO_cfg.o
                                0x1e0 (size before relaxing)
 .stab          0x00000954      0x57c ./MCAL/DIO/DIO_prog.o
                                0x660 (size before relaxing)
 .stab          0x00000ed0      0x2e8 ./ECUAL/LED/LED.o
                                0x2f4 (size before relaxing)
 .stab          0x000011b8      0x4d4 ./ECUAL/DC_MOTOR/DC_MOTOR.o
                                0x4e0 (size before relaxing)
 .stab          0x0000168c      0x378 ./ECUAL/BTN/BTN.o
                                0x384 (size before relaxing)
 .stab          0x00001a04      0x594 ./APP/Car_control_system/CAR.o
                                0x5a0 (size before relaxing)
 .stab          0x00001f98      0x150 ./APP/main.o
                                0x318 (size before relaxing)

.stabstr        0x00000000     0x1bd0
 *(.stabstr)
 .stabstr       0x00000000     0x1bd0 ./MCAL/TIMER/TM_Cfg.o

.stab.excl
 *(.stab.excl)

.stab.exclstr
 *(.stab.exclstr)

.stab.index
 *(.stab.index)

.stab.indexstr
 *(.stab.indexstr)

.comment
 *(.comment)

.debug
 *(.debug)

.line
 *(.line)

.debug_srcinfo
 *(.debug_srcinfo)

.debug_sfnames
 *(.debug_sfnames)

.debug_aranges
 *(.debug_aranges)

.debug_pubnames
 *(.debug_pubnames)

.debug_info
 *(.debug_info)
 *(.gnu.linkonce.wi.*)

.debug_abbrev
 *(.debug_abbrev)

.debug_line
 *(.debug_line)

.debug_frame
 *(.debug_frame)

.debug_str
 *(.debug_str)

.debug_loc
 *(.debug_loc)

.debug_macinfo
 *(.debug_macinfo)
OUTPUT(APP.elf elf32-avr)
LOAD linker stubs
